../LCD/if/if_lcd.c:43:13:iLcd_writeData	24	static
../LCD/if/if_lcd.c:64:6:iLcd_writeDisplay	24	static
../LCD/if/if_lcd.c:91:6:iLcd_writeControl	24	static
../LCD/if/if_lcd.c:112:6:iLcd_moveDDramAddress	24	static
../LCD/if/if_lcd.c:140:6:iLcd_displayClear	8	static
../LCD/if/if_lcd.c:155:6:iLcd_displayHome	8	static
../LCD/if/if_lcd.c:170:6:iLcd_setEntryMode	24	static
../LCD/if/if_lcd.c:205:6:iLcd_setOnOffControl	24	static
../LCD/if/if_lcd.c:242:6:iLcd_setCursorShift	24	static
../LCD/if/if_lcd.c:279:6:iLcd_setFunction	24	static
../LCD/if/if_lcd.c:314:6:iLcd_backLightControl	16	static
